// Jest Snapshot v1, https://goo.gl/fbAQLP

exports[`SimpleJest snapshot 1`] = `
<body>
  <div>
    <input
      data-testid="input"
      type="text"
    />
    <label
      data-testid="output"
      id="4"
    />
  </div>
</body>
`;
